Microchip MPLAB XC8 Compiler V2.41

Linker command line:

-W-3 \
  --edf=C:/Program Files/Microchip/MPLABX/v6.10/packs/Microchip/PIC18Fxxxx_DFP/1.4.151/xc8\pic\dat\20230323171731_en.msgs \
  -cn -h+dist/default/debug\apps.X.debug.sym \
  --cmf=dist/default/debug\apps.X.debug.cmf -z -Q18F4620 \
  -oC:\Users\IDEAPA~1\AppData\Local\Temp\xcAsgrs.\driver_tmp_3.o \
  --defsym=__MPLAB_BUILD=1 --fixupoverflow=error \
  -Mdist/default/debug/apps.X.debug.map \
  --md=C:\Users\IDEAPA~1\AppData\Local\Temp\xcAsgrs.\driver_tmp_0.dat -E1 \
  -ver=XC8 Compiler --acfsm=1493 -ACODE=00h-0FFFFh -ACONST=00h-0FFFFh \
  -ASMALLCONST=01000h-010FFhx240 -AMEDIUMCONST=01000h-0FFFFh \
  -ACOMRAM=01h-07Fh -AABS1=00h-0F7Fh -ABIGRAM=01h-0F7Fh \
  -ARAM=080h-0FFh,0100h-01FFhx14,0F00h-0F7Fh -ABANK0=080h-0FFh \
  -ABANK1=0100h-01FFh -ABANK2=0200h-02FFh -ABANK3=0300h-03FFh \
  -ABANK4=0400h-04FFh -ABANK5=0500h-05FFh -ABANK6=0600h-06FFh \
  -ABANK7=0700h-07FFh -ABANK8=0800h-08FFh -ABANK9=0900h-09FFh \
  -ABANK10=0A00h-0AFFh -ABANK11=0B00h-0BFFh -ABANK12=0C00h-0CFFh \
  -ABANK13=0D00h-0DFFh -ABANK14=0E00h-0EFFh -ABANK15=0F00h-0F7Fh \
  -ASFR=0F80h-0FFFh -ABIGSFR=0F80h-0FFFh -ACONFIG=0300000h-030000Dh \
  -AIDLOC=0200000h-0200007h -AEEDATA=0F00000h-0F003FFh -peeprom_data=EEDATA \
  -preset_vec=00h,intcode=08h,intcodelo=018h,powerup,init -pramtop=01000h \
  -psmallconst=SMALLCONST -pmediumconst=MEDIUMCONST -pconst=CONST \
  -AFARRAM=00h-00h \
  -prdata=COMRAM,nvrram=COMRAM,nvbit=COMRAM,rbss=COMRAM,rbit=COMRAM \
  -pfarbss=FARRAM,fardata=FARRAM,nvFARRAM=FARRAM \
  -pintsave_regs=BIGRAM,bigbss=BIGRAM,bigdata=BIGRAM -pbss=RAM \
  -pidata=CODE,irdata=CODE,ibigdata=CODE,ifardata=CODE -prparam=COMRAM \
  C:\Users\IDEAPA~1\AppData\Local\Temp\xcAsgrs.\driver_tmp_9.o \
  dist/default/debug\apps.X.debug.o 

Object code version is 3.11

Machine type is 18F4620



                Name                               Link     Load   Length Selector   Space Scale
C:\Users\IDEAPA~1\AppData\Local\Temp\xcAsgrs.\driver_tmp_9.o
                config                           300000   300000        E        0       4
                init                                 66       66        4        C       0
                reset_vec                             0        0        4        0       0
dist/default/debug\apps.X.debug.o
                intcodelo                            18       18       4E        C       0
                intcode                               8        8        6        4       0
                config                           300000   300000        E        0       4
                temp                                 68       68        1        1       1
                smallconst                         1000     1000        6      800       0
                text35                             2732     2732        4     1381       0
                text34                             272E     272E        4     1381       0
                text33                             272A     272A        4     1381       0
                text32                             2726     2726        4     1381       0
                text31                             2722     2722        4     1381       0
                text30                             271E     271E        4     1381       0
                text29                             271A     271A        4     1381       0
                text28                             2716     2716        4     1381       0
                text27                             2712     2712        4     1381       0
                text26                             270E     270E        4     1381       0
                text25                             21E8     21E8       E2      803       0
                text24                             2440     2440       76      803       0
                text23                             269C     269C       1C      803       0
                text22                             2642     2642       2E      803       0
                text21                             2614     2614       2E      803       0
                text20                             26D2     26D2       16      803       0
                text19                             1F82     1F82      15E      803       0
                text18                             23C6     23C6       7A      803       0
                text17                             234C     234C       7A      803       0
                text16                             24B6     24B6       6E      803       0
                text15                             2670     2670       2C      803       0
                text14                             25DE     25DE       36      803       0
                text13                             25A8     25A8       36      803       0
                text12                             26F4     26F4        8      803       0
                text11                             26E8     26E8        C      803       0
                text10                             270A     270A        4     1381       0
                intcode_body                       14C8     14C8      3CC      803       0
                text8                              2706     2706        4     1381       0
                text7                              2702     2702        4     1381       0
                text5                              1006     1006      4C2      803       0
                text4                              1894     1894      39A      803       0
                text3                              20E0     20E0      108      803       0
                text2                              1C2E     1C2E      1B4      803       0
                text1                              1DE2     1DE2      1A0      803       0
                text0                              26B8     26B8       1A      803       0
                cstackCOMRAM                          1        1       45        1       1
                cstackBANK0                          FD       FD        2       80       1
                cstackBANK1                         13D      13D       14      100       1
                dataBANK1                           100      100       3D      100       1
                dataBANK0                            80       80       47       80       1
                bssBANK0                             C7       C7       36       80       1
                dataCOMRAM                           63       63        5        1       1
                bssCOMRAM                            46       46       1D        1       1
                cinit                              22CA     22CA       82      803       0
                idataBANK1                         256B     256B       3D      803       0
                idataBANK0                         2524     2524       47      803       0
                idataCOMRAM                        26FC     26FC        5      803       0

TOTAL           Name                               Link     Load   Length     Space
        CLASS   CODE           
                intcodelo                            18       18       4E         0
                intcode                               8        8        6         0
                init                                 66       66        4         0
                reset_vec                             0        0        4         0
                text35                             2732     2732        4         0
                text34                             272E     272E        4         0
                text33                             272A     272A        4         0
                text32                             2726     2726        4         0
                text31                             2722     2722        4         0
                text30                             271E     271E        4         0
                text29                             271A     271A        4         0
                text28                             2716     2716        4         0
                text27                             2712     2712        4         0
                text26                             270E     270E        4         0
                text25                             21E8     21E8       E2         0
                text24                             2440     2440       76         0
                text23                             269C     269C       1C         0
                text22                             2642     2642       2E         0
                text21                             2614     2614       2E         0
                text20                             26D2     26D2       16         0
                text19                             1F82     1F82      15E         0
                text18                             23C6     23C6       7A         0
                text17                             234C     234C       7A         0
                text16                             24B6     24B6       6E         0
                text15                             2670     2670       2C         0
                text14                             25DE     25DE       36         0
                text13                             25A8     25A8       36         0
                text12                             26F4     26F4        8         0
                text11                             26E8     26E8        C         0
                text10                             270A     270A        4         0
                intcode_body                       14C8     14C8      3CC         0
                text8                              2706     2706        4         0
                text7                              2702     2702        4         0
                text5                              1006     1006      4C2         0
                text4                              1894     1894      39A         0
                text3                              20E0     20E0      108         0
                text2                              1C2E     1C2E      1B4         0
                text1                              1DE2     1DE2      1A0         0
                text0                              26B8     26B8       1A         0
                cinit                              22CA     22CA       82         0
                idataBANK1                         256B     256B       3D         0
                idataBANK0                         2524     2524       47         0
                idataCOMRAM                        26FC     26FC        5         0

        CLASS   CONST          

        CLASS   SMALLCONST     
                smallconst                         1000     1000        6         0

        CLASS   MEDIUMCONST    

        CLASS   COMRAM         
                temp                                 68       68        1         1
                cstackCOMRAM                          1        1       45         1
                dataCOMRAM                           63       63        5         1
                bssCOMRAM                            46       46       1D         1

        CLASS   ABS1           

        CLASS   BIGRAM         

        CLASS   RAM            

        CLASS   BANK0          
                cstackBANK0                          FD       FD        2         1
                dataBANK0                            80       80       47         1
                bssBANK0                             C7       C7       36         1

        CLASS   BANK1          
                cstackBANK1                         13D      13D       14         1
                dataBANK1                           100      100       3D         1

        CLASS   BANK2          

        CLASS   BANK3          

        CLASS   BANK4          

        CLASS   BANK5          

        CLASS   BANK6          

        CLASS   BANK7          

        CLASS   BANK8          

        CLASS   BANK9          

        CLASS   BANK10         

        CLASS   BANK11         

        CLASS   BANK12         

        CLASS   BANK13         

        CLASS   BANK14         

        CLASS   BANK15         

        CLASS   SFR            

        CLASS   BIGSFR         

        CLASS   CONFIG         
                config                           300000   300000        E         4

        CLASS   IDLOC          

        CLASS   EEDATA         

        CLASS   FARRAM         

        CLASS   HEAP           

        CLASS   STACK          



SEGMENTS        Name                           Load    Length   Top    Selector   Space  Class

                reset_vec                      000000  000004  000004         0       0  CODE    
                cstackCOMRAM                   000001  000068  000069         1       1  COMRAM  
                intcode                        000008  000006  00000E         4       0  CODE    
                intcodelo                      000018  000052  00006A         C       0  CODE    
                dataBANK0                      000080  00007F  0000FF        80       1  BANK0   
                dataBANK1                      000100  000051  000151       100       1  BANK1   
                smallconst                     001000  000006  001006       800       0  SMALLCON
                text5                          001006  0016FB  002701       803       0  CODE    
                text7                          002702  000034  002736      1381       0  CODE    


UNUSED ADDRESS RANGES

        Name                Unused          Largest block    Delta
        BANK0            0000FF-0000FF                1
        BANK1            000151-0001FF               AF
        BANK10           000A00-000AFF              100
        BANK11           000B00-000BFF              100
        BANK12           000C00-000CFF              100
        BANK13           000D00-000DFF              100
        BANK14           000E00-000EFF              100
        BANK15           000F00-000F7F               80
        BANK2            000200-0002FF              100
        BANK3            000300-0003FF              100
        BANK4            000400-0004FF              100
        BANK5            000500-0005FF              100
        BANK6            000600-0006FF              100
        BANK7            000700-0007FF              100
        BANK8            000800-0008FF              100
        BANK9            000900-0009FF              100
        BIGRAM           000069-00007F               17
                         0000FF-0000FF                1
                         000151-000F7F              E2F
        BIGSFR           000F80-000FFF               80
        CODE             000004-000007                4
                         00000E-000017                A
                         00006A-000FFF              F96
                         002701-002701                1
                         002736-00FFFF             D8CA
        COMRAM           000069-00007F               17
        CONST            000004-000007                4
                         00000E-000017                A
                         00006A-000FFF              F96
                         002701-002701                1
                         002736-00FFFF             D8CA
        EEDATA           F00000-F003FF              400
        IDLOC            200000-200007                8
        MEDIUMCONST      002701-002701                1
                         002736-00FFFF             D8CA
        RAM              0000FF-0000FF                1
                         000151-000F7F              100
        SFR              000F80-000FFF               80
        SMALLCONST       002701-002701                1
                         002736-00FFFF              100

                                  Symbol Table

?___fladd                                             cstackBANK1  00013D
?___fldiv                                             cstackCOMRAM 000026
?___fltol                                             cstackBANK1  000149
?___xxtofl                                            cstackCOMRAM 000018
Relay_initalize@F3045                                 bssCOMRAM    00005E
Relay_turn_off@F3055                                  bssCOMRAM    00005C
Relay_turn_on@F3050                                   bssCOMRAM    00005D
_ADCON0bits                                           (abs)        000FC2
_ADCON1bits                                           (abs)        000FC1
_ADCON2bits                                           (abs)        000FC0
_ADRESH                                               (abs)        000FC4
_ADRESL                                               (abs)        000FC3
_BAUDCONbits                                          (abs)        000FB8
_CCP1CONbits                                          (abs)        000FBD
_CCP2CONbits                                          (abs)        000FBA
_CCPR1H                                               (abs)        000FBF
_CCPR1L                                               (abs)        000FBE
_CCPR2H                                               (abs)        000FBC
_CCPR2L                                               (abs)        000FBB
_EEADR                                                (abs)        000FA9
_EEADRH                                               (abs)        000FAA
_EECON1bits                                           (abs)        000FA6
_EECON2                                               (abs)        000FA7
_EEDATA                                               (abs)        000FA8
_INT0                                                 (abs)        007C08
_INT0_ISR                                             text35       002732
_INT1                                                 (abs)        007C09
_INT1_ISR                                             text8        002706
_INT2                                                 (abs)        007C0A
_INT2_ISR                                             text7        002702
_INTCON2bits                                          (abs)        000FF1
_INTCON3bits                                          (abs)        000FF0
_INTCONbits                                           (abs)        000FF2
_IPR1bits                                             (abs)        000F9F
_IPR2bits                                             (abs)        000FA2
_LATA                                                 (abs)        000F89
_LATB                                                 (abs)        000F8A
_LATC                                                 (abs)        000F8B
_LATCbits                                             (abs)        000F8B
_LATD                                                 (abs)        000F8C
_LATE                                                 (abs)        000F8D
_LAT_REG                                              dataBANK0    00008A
_MT_TIME                                              text23       00269C
_MT_TIME__                                            text16       0024B6
_PIE1bits                                             (abs)        000F9D
_PIE2bits                                             (abs)        000FA0
_PIR1bits                                             (abs)        000F9E
_PIR2bits                                             (abs)        000FA1
_PORTA                                                (abs)        000F80
_PORTB                                                (abs)        000F81
_PORTBbits                                            (abs)        000F81
_PORTC                                                (abs)        000F82
_PORTD                                                (abs)        000F83
_PORTE                                                (abs)        000F84
_PORT_REG                                             dataBANK0    000080
_PR2                                                  (abs)        000FCB
_RB4_ISR                                              text34       00272E
_RB4_ISR2                                             text33       00272A
_RB5_ISR                                              text32       002726
_RB5_ISR2                                             text31       002722
_RB6_ISR                                              text30       00271E
_RB6_ISR2                                             text29       00271A
_RB7_ISR                                              text28       002716
_RB7_ISR2                                             text27       002712
_RCONbits                                             (abs)        000FD0
_RCREG                                                (abs)        000FAE
_RCSTAbits                                            (abs)        000FAB
_SPBRG                                                (abs)        000FAF
_SPBRGH                                               (abs)        000FB0
_SSPADD                                               (abs)        000FC8
_SSPBUF                                               (abs)        000FC9
_SSPCON1bits                                          (abs)        000FC6
_SSPCON2                                              (abs)        000FC5
_SSPCON2bits                                          (abs)        000FC5
_SSPSTATbits                                          (abs)        000FC7
_T0CONbits                                            (abs)        000FD5
_T1CONbits                                            (abs)        000FCD
_T2CONbits                                            (abs)        000FCA
_T3CONbits                                            (abs)        000FB1
_TIMER0                                               dataBANK0    0000A7
_TIMER002                                             dataBANK0    0000C1
_TIMER02                                              dataBANK0    00009E
_TIMER2                                               dataBANK0    0000B0
_TIMER3                                               dataBANK0    0000B9
_TMR0H                                                (abs)        000FD7
_TMR0L                                                (abs)        000FD6
_TMR1H                                                (abs)        000FCF
_TMR1L                                                (abs)        000FCE
_TMR2                                                 (abs)        000FCC
_TMR3H                                                (abs)        000FB3
_TMR3L                                                (abs)        000FB2
_TRISA                                                (abs)        000F92
_TRISB                                                (abs)        000F93
_TRISC                                                (abs)        000F94
_TRISCbits                                            (abs)        000F94
_TRISD                                                (abs)        000F95
_TRISE                                                (abs)        000F96
_TRIS_REG                                             dataBANK0    000094
_TXREG                                                (abs)        000FAD
_TXSTAbits                                            (abs)        000FAC
__HRAM                                                (abs)        000000
__H__absolute__                                       __absolute__ 000000
__Habs1                                               abs1         000000
__Hbank0                                              bank0        000000
__Hbank1                                              bank1        000000
__Hbank10                                             bank10       000000
__Hbank11                                             bank11       000000
__Hbank12                                             bank12       000000
__Hbank13                                             bank13       000000
__Hbank14                                             bank14       000000
__Hbank15                                             bank15       000000
__Hbank2                                              bank2        000000
__Hbank3                                              bank3        000000
__Hbank4                                              bank4        000000
__Hbank5                                              bank5        000000
__Hbank6                                              bank6        000000
__Hbank7                                              bank7        000000
__Hbank8                                              bank8        000000
__Hbank9                                              bank9        000000
__Hbigbss                                             bigbss       000000
__Hbigdata                                            bigdata      000000
__Hbigram                                             bigram       000000
__Hbigsfr                                             bigsfr       000000
__Hbss                                                bss          000000
__HbssBANK0                                           bssBANK0     000000
__HbssCOMRAM                                          bssCOMRAM    000000
__Hcinit                                              cinit        000000
__Hclrtext                                            clrtext      000000
__Hcomram                                             comram       000000
__Hconfig                                             config       30000E
__Hconst                                              const        000000
__HcstackBANK0                                        cstackBANK0  000000
__HcstackBANK1                                        cstackBANK1  000000
__HcstackCOMRAM                                       cstackCOMRAM 000000
__Hdata                                               data         000000
__HdataBANK0                                          dataBANK0    000000
__HdataBANK1                                          dataBANK1    000000
__HdataCOMRAM                                         dataCOMRAM   000000
__Heeprom_data                                        eeprom_data  000000
__Hfarbss                                             farbss       000000
__Hfardata                                            fardata      000000
__Hheap                                               heap         000000
__Hibigdata                                           ibigdata     000000
__Hidata                                              idata        000000
__HidataBANK0                                         idataBANK0   000000
__HidataBANK1                                         idataBANK1   000000
__HidataCOMRAM                                        idataCOMRAM  000000
__Hidloc                                              idloc        000000
__Hifardata                                           ifardata     000000
__Hinit                                               init         00006A
__Hintcode                                            intcode      00000E
__Hintcode_body                                       intcode_body 000000
__Hintcodelo                                          intcodelo    000066
__Hintentry                                           intentry     000000
__Hintret                                             intret       000000
__Hintsave_regs                                       intsave_regs 000000
__Hirdata                                             irdata       000000
__Hmediumconst                                        mediumconst  000000
__HnvFARRAM                                           nvFARRAM     000000
__Hnvbit                                              nvbit        000000
__Hnvrram                                             nvrram       000000
__Hparam                                              rparam       000000
__Hpowerup                                            powerup      000066
__Hram                                                ram          000000
__Hramtop                                             ramtop       001000
__Hrbit                                               rbit         000000
__Hrbss                                               rbss         000000
__Hrdata                                              rdata        000000
__Hreset_vec                                          reset_vec    000004
__Hrparam                                             rparam       000000
__Hsfr                                                sfr          000000
__Hsmallconst                                         smallconst   001006
__Hspace_0                                            (abs)        002736
__Hspace_1                                            (abs)        000151
__Hspace_2                                            (abs)        000000
__Hspace_4                                            (abs)        60000E
__Hstack                                              stack        000000
__Hstruct                                             struct       000000
__Htemp                                               temp         000069
__Htext                                               text         000000
__Htext0                                              text0        000000
__Htext1                                              text1        000000
__Htext10                                             text10       000000
__Htext11                                             text11       000000
__Htext12                                             text12       000000
__Htext13                                             text13       000000
__Htext14                                             text14       000000
__Htext15                                             text15       000000
__Htext16                                             text16       000000
__Htext17                                             text17       000000
__Htext18                                             text18       000000
__Htext19                                             text19       000000
__Htext2                                              text2        000000
__Htext20                                             text20       000000
__Htext21                                             text21       000000
__Htext22                                             text22       000000
__Htext23                                             text23       000000
__Htext24                                             text24       000000
__Htext25                                             text25       000000
__Htext26                                             text26       000000
__Htext27                                             text27       000000
__Htext28                                             text28       000000
__Htext29                                             text29       000000
__Htext3                                              text3        000000
__Htext30                                             text30       000000
__Htext31                                             text31       000000
__Htext32                                             text32       000000
__Htext33                                             text33       000000
__Htext34                                             text34       000000
__Htext35                                             text35       000000
__Htext36                                             text36       000000
__Htext4                                              text4        000000
__Htext5                                              text5        000000
__Htext7                                              text7        000000
__Htext8                                              text8        000000
__LRAM                                                (abs)        000001
__L__absolute__                                       __absolute__ 000000
__Labs1                                               abs1         000000
__Lbank0                                              bank0        000000
__Lbank1                                              bank1        000000
__Lbank10                                             bank10       000000
__Lbank11                                             bank11       000000
__Lbank12                                             bank12       000000
__Lbank13                                             bank13       000000
__Lbank14                                             bank14       000000
__Lbank15                                             bank15       000000
__Lbank2                                              bank2        000000
__Lbank3                                              bank3        000000
__Lbank4                                              bank4        000000
__Lbank5                                              bank5        000000
__Lbank6                                              bank6        000000
__Lbank7                                              bank7        000000
__Lbank8                                              bank8        000000
__Lbank9                                              bank9        000000
__Lbigbss                                             bigbss       000000
__Lbigdata                                            bigdata      000000
__Lbigram                                             bigram       000000
__Lbigsfr                                             bigsfr       000000
__Lbss                                                bss          000000
__LbssBANK0                                           bssBANK0     000000
__LbssCOMRAM                                          bssCOMRAM    000000
__Lcinit                                              cinit        000000
__Lclrtext                                            clrtext      000000
__Lcomram                                             comram       000000
__Lconfig                                             config       000000
__Lconst                                              const        000000
__LcstackBANK0                                        cstackBANK0  000000
__LcstackBANK1                                        cstackBANK1  000000
__LcstackCOMRAM                                       cstackCOMRAM 000000
__Ldata                                               data         000000
__LdataBANK0                                          dataBANK0    000000
__LdataBANK1                                          dataBANK1    000000
__LdataCOMRAM                                         dataCOMRAM   000000
__Leeprom_data                                        eeprom_data  000000
__Lfarbss                                             farbss       000000
__Lfardata                                            fardata      000000
__Lheap                                               heap         000000
__Libigdata                                           ibigdata     000000
__Lidata                                              idata        000000
__LidataBANK0                                         idataBANK0   000000
__LidataBANK1                                         idataBANK1   000000
__LidataCOMRAM                                        idataCOMRAM  000000
__Lidloc                                              idloc        000000
__Lifardata                                           ifardata     000000
__Linit                                               init         000066
__Lintcode                                            intcode      000008
__Lintcode_body                                       intcode_body 000000
__Lintcodelo                                          intcodelo    000018
__Lintentry                                           intentry     000000
__Lintret                                             intret       000000
__Lintsave_regs                                       intsave_regs 000000
__Lirdata                                             irdata       000000
__Lmediumconst                                        mediumconst  000000
__LnvFARRAM                                           nvFARRAM     000000
__Lnvbit                                              nvbit        000000
__Lnvrram                                             nvrram       000000
__Lparam                                              rparam       000000
__Lpowerup                                            powerup      000066
__Lram                                                ram          000000
__Lramtop                                             ramtop       001000
__Lrbit                                               rbit         000000
__Lrbss                                               rbss         000000
__Lrdata                                              rdata        000000
__Lreset_vec                                          reset_vec    000000
__Lrparam                                             rparam       000000
__Lsfr                                                sfr          000000
__Lsmallconst                                         smallconst   001000
__Lspace_0                                            (abs)        000000
__Lspace_1                                            (abs)        000000
__Lspace_2                                            (abs)        000000
__Lspace_4                                            (abs)        000000
__Lstack                                              stack        000000
__Lstruct                                             struct       000000
__Ltemp                                               temp         000068
__Ltext                                               text         000000
__Ltext0                                              text0        000000
__Ltext1                                              text1        000000
__Ltext10                                             text10       000000
__Ltext11                                             text11       000000
__Ltext12                                             text12       000000
__Ltext13                                             text13       000000
__Ltext14                                             text14       000000
__Ltext15                                             text15       000000
__Ltext16                                             text16       000000
__Ltext17                                             text17       000000
__Ltext18                                             text18       000000
__Ltext19                                             text19       000000
__Ltext2                                              text2        000000
__Ltext20                                             text20       000000
__Ltext21                                             text21       000000
__Ltext22                                             text22       000000
__Ltext23                                             text23       000000
__Ltext24                                             text24       000000
__Ltext25                                             text25       000000
__Ltext26                                             text26       000000
__Ltext27                                             text27       000000
__Ltext28                                             text28       000000
__Ltext29                                             text29       000000
__Ltext3                                              text3        000000
__Ltext30                                             text30       000000
__Ltext31                                             text31       000000
__Ltext32                                             text32       000000
__Ltext33                                             text33       000000
__Ltext34                                             text34       000000
__Ltext35                                             text35       000000
__Ltext36                                             text36       000000
__Ltext4                                              text4        000000
__Ltext5                                              text5        000000
__Ltext7                                              text7        000000
__Ltext8                                              text8        000000
__S0                                                  (abs)        002736
__S1                                                  (abs)        000151
__S4                                                  (abs)        000000
__S5                                                  (abs)        000000
___fladd                                              text5        001006
___fladd@a                                            cstackBANK1  000141
___fladd@aexp                                         cstackBANK1  000146
___fladd@b                                            cstackBANK1  00013D
___fladd@bexp                                         cstackBANK1  000147
___fladd@grs                                          cstackBANK1  000148
___fladd@signs                                        cstackBANK1  000145
___fldiv                                              text4        001894
___fldiv@a                                            cstackCOMRAM 00002A
___fldiv@aexp                                         cstackCOMRAM 00003E
___fldiv@b                                            cstackCOMRAM 000026
___fldiv@bexp                                         cstackCOMRAM 00003D
___fldiv@grs                                          cstackCOMRAM 000039
___fldiv@new_exp                                      cstackCOMRAM 000037
___fldiv@rem                                          cstackCOMRAM 000032
___fldiv@sign                                         cstackCOMRAM 000036
___fltol                                              text3        0020E0
___fltol@exp1                                         cstackCOMRAM 000044
___fltol@f1                                           cstackBANK1  000149
___fltol@sign1                                        cstackCOMRAM 000043
___heap_hi                                            (abs)        000000
___heap_lo                                            (abs)        000000
___inthi_sp                                           stack        000000
___intlo_sp                                           stack        000000
___param_bank                                         (abs)        000000
___rparam_used                                        (abs)        000001
___sp                                                 stack        000000
___xxtofl                                             text2        001C2E
___xxtofl@arg                                         cstackCOMRAM 000022
___xxtofl@exp                                         cstackCOMRAM 000021
___xxtofl@sign                                        cstackCOMRAM 000020
___xxtofl@val                                         cstackCOMRAM 000018
__accesstop                                           (abs)        000080
__activetblptr                                        (abs)        000003
__end_of_INT0_ISR                                     text35       002736
__end_of_INT1_ISR                                     text8        00270A
__end_of_INT2_ISR                                     text7        002706
__end_of_MT_TIME                                      text23       0026B8
__end_of_MT_TIME__                                    text16       002524
__end_of_RB4_ISR                                      text34       002732
__end_of_RB4_ISR2                                     text33       00272E
__end_of_RB5_ISR                                      text32       00272A
__end_of_RB5_ISR2                                     text31       002726
__end_of_RB6_ISR                                      text30       002722
__end_of_RB6_ISR2                                     text29       00271E
__end_of_RB7_ISR                                      text28       00271A
__end_of_RB7_ISR2                                     text27       002716
__end_of___fladd                                      text5        0014C8
__end_of___fldiv                                      text4        001C2E
__end_of___fltol                                      text3        0021E8
__end_of___xxtofl                                     text2        001DE2
__end_of__initialization                              cinit        002342
__end_of_adc_isr                                      text26       002712
__end_of_ccp1_isr                                     text22       002670
__end_of_ccp2_isr                                     text21       002642
__end_of_eusart_tx_write_byte_blocking_without_enable text20       0026E8
__end_of_gio_pin_toggle_logic                         text25       0022CA
__end_of_gio_pin_write_logic                          text19       0020E0
__end_of_i2c_init                                     text1        001F82
__end_of_interrupt_high                               intcode_body 001894
__end_of_interrupt_low                                intcodelo    000066
__end_of_led_off                                      text18       002440
__end_of_led_on                                       text17       0023C6
__end_of_led_toggle                                   text24       0024B6
__end_of_main                                         text0        0026D2
__end_of_rx_isr                                       text15       00269C
__end_of_timer0_isr                                   text14       002614
__end_of_timer1_isr                                   text13       0025DE
__end_of_timer2_isr                                   text12       0026FC
__end_of_timer3_isr                                   text11       0026F4
__end_of_tx_isr                                       text10       00270E
__initialization                                      cinit        0022CA
__mediumconst                                         mediumconst  000000
__pbssBANK0                                           bssBANK0     0000C7
__pbssCOMRAM                                          bssCOMRAM    000046
__pcinit                                              cinit        0022CA
__pcstackBANK0                                        cstackBANK0  0000FD
__pcstackBANK1                                        cstackBANK1  00013D
__pcstackCOMRAM                                       cstackCOMRAM 000001
__pdataBANK0                                          dataBANK0    000080
__pdataBANK1                                          dataBANK1    000100
__pdataCOMRAM                                         dataCOMRAM   000063
__pidataBANK0                                         idataBANK0   002524
__pidataBANK1                                         idataBANK1   00256B
__pidataCOMRAM                                        idataCOMRAM  0026FC
__pintcode                                            intcode      000008
__pintcode_body                                       intcode_body 0014C8
__pintcodelo                                          intcodelo    000018
__psmallconst                                         smallconst   001000
__ptext0                                              text0        0026B8
__ptext1                                              text1        001DE2
__ptext10                                             text10       00270A
__ptext11                                             text11       0026E8
__ptext12                                             text12       0026F4
__ptext13                                             text13       0025A8
__ptext14                                             text14       0025DE
__ptext15                                             text15       002670
__ptext16                                             text16       0024B6
__ptext17                                             text17       00234C
__ptext18                                             text18       0023C6
__ptext19                                             text19       001F82
__ptext2                                              text2        001C2E
__ptext20                                             text20       0026D2
__ptext21                                             text21       002614
__ptext22                                             text22       002642
__ptext23                                             text23       00269C
__ptext24                                             text24       002440
__ptext25                                             text25       0021E8
__ptext26                                             text26       00270E
__ptext27                                             text27       002712
__ptext28                                             text28       002716
__ptext29                                             text29       00271A
__ptext3                                              text3        0020E0
__ptext30                                             text30       00271E
__ptext31                                             text31       002722
__ptext32                                             text32       002726
__ptext33                                             text33       00272A
__ptext34                                             text34       00272E
__ptext35                                             text35       002732
__ptext36                                             text36       000000
__ptext4                                              text4        001894
__ptext5                                              text5        001006
__ptext7                                              text7        002702
__ptext8                                              text8        002706
__ramtop                                              ramtop       001000
__smallconst                                          smallconst   001000
_a                                                    dataBANK1    000113
_adc_call                                             bssCOMRAM    000056
_adc_isr                                              text26       00270E
_ccp1_call                                            bssCOMRAM    000054
_ccp1_isr                                             text22       002642
_ccp2_call                                            bssCOMRAM    000052
_ccp2_isr                                             text21       002614
_data                                                 bssCOMRAM    000058
_eusart_tx_write_byte_blocking_without_enable         text20       0026D2
_flag_4                                               dataCOMRAM   000066
_flag_5                                               dataCOMRAM   000065
_flag_6                                               dataCOMRAM   000064
_flag_7                                               dataCOMRAM   000063
_flags                                                bssBANK0     0000DD
_gio_pin_toggle_logic                                 text25       0021E8
_gio_pin_write_logic                                  text19       001F82
_i2c_call                                             bssBANK0     0000F9
_i2c_init                                             text1        001DE2
_i2c_slave1_rec_data                                  bssCOMRAM    00005B
_int0_call                                            bssBANK0     0000F7
_int1_call                                            bssBANK0     0000F5
_int2_call                                            bssBANK0     0000F3
_interrupt_high                                       intcode      000008
_interrupt_low                                        intcodelo    000018
_ip_                                                  dataBANK1    000131
_l                                                    dataBANK1    000123
_led1                                                 dataCOMRAM   000067
_led_off                                              text18       0023C6
_led_on                                               text17       00234C
_led_toggle                                           text24       002440
_main                                                 text0        0026B8
_rb4_call_high                                        bssBANK0     0000F1
_rb4_call_low                                         bssBANK0     0000EF
_rb5_call_high                                        bssBANK0     0000ED
_rb5_call_low                                         bssBANK0     0000EB
_rb6_call_high                                        bssBANK0     0000E9
_rb6_call_low                                         bssBANK0     0000E7
_rb7_call_high                                        bssBANK0     0000E5
_rb7_call_low                                         bssBANK0     0000E3
_rx_call                                              bssCOMRAM    000050
_rx_isr                                               text15       002670
_temp_time                                            bssBANK0     0000D9
_timer0_call                                          bssCOMRAM    00004E
_timer0_init_                                         bssCOMRAM    00004C
_timer0_isr                                           text14       0025DE
_timer1_call                                          bssCOMRAM    00004A
_timer1_init_                                         bssCOMRAM    000048
_timer1_isr                                           text13       0025A8
_timer2_call                                          bssBANK0     0000E1
_timer2_init_                                         bssCOMRAM    00005A
_timer2_isr                                           text12       0026F4
_timer3_call                                          bssBANK0     0000DF
_timer3_init_                                         bssCOMRAM    000046
_timer3_isr                                           text11       0026E8
_timer3_over_flow                                     bssBANK0     0000D5
_total_freq                                           bssBANK0     0000CD
_total_time                                           bssBANK0     0000D1
_tx_call                                              bssBANK0     0000FB
_tx_isr                                               text10       00270A
_val                                                  bssCOMRAM    000059
_z                                                    dataBANK1    000100
btemp                                                 temp         000068
end_of_initialization                                 cinit        002342
eusart_tx_write_byte_blocking_without_enable@val      cstackCOMRAM 000001
gio_pin_toggle_logic@my_config                        cstackCOMRAM 000001
gio_pin_write_logic@logic                             cstackCOMRAM 000003
gio_pin_write_logic@my_config                         cstackCOMRAM 000001
gio_pin_write_logic@ret                               cstackCOMRAM 00000A
i2c_init@my_i2c                                       cstackBANK0  0000FD
int$flags                                             temp         000068
int_func                                              intcode_body 0014C8
intlevel0                                             text         000000
intlevel1                                             text         000000
intlevel2                                             text         000000
intlevel3                                             text         000000
isa$std                                               (abs)        000001
isa$xinst                                             (abs)        000000
led_initalize@F3051                                   bssCOMRAM    000062
led_off@F3061                                         bssCOMRAM    000060
led_off@my_conf                                       cstackCOMRAM 00000E
led_off@my_led                                        cstackCOMRAM 00000B
led_on@F3056                                          bssCOMRAM    000061
led_on@my_conf                                        cstackCOMRAM 00000E
led_on@my_led                                         cstackCOMRAM 00000B
led_toggle@F3066                                      bssCOMRAM    00005F
led_toggle@my_conf                                    cstackCOMRAM 00000B
led_toggle@my_led                                     cstackCOMRAM 000008
stackhi                                               (abs)        000000
stacklo                                               (abs)        000000
start                                                 init         000066
start_initialization                                  cinit        0022CA
ttemp5                                                temp         000069
ttemp6                                                temp         00006C
ttemp7                                                temp         000070
wtemp8                                                temp         000069


MODULE INFORMATION

Module		Function		Class		Link	Load	Size
MCAL_layer/ccp1/ccp1.c
		_ccp1_isr      		CODE           	2642	0000	46
		_ccp2_isr      		CODE           	2614	0000	46

MCAL_layer/ccp1/ccp1.c estimated size: 92

MCAL_layer/i2c/i2c.c
		_i2c_init      		CODE           	1DE2	0000	416

MCAL_layer/i2c/i2c.c estimated size: 416

C:\Program Files\Microchip\xc8\v2.41\pic\sources\c99\common\fltol.c
		___fltol       		CODE           	20E0	0000	264

C:\Program Files\Microchip\xc8\v2.41\pic\sources\c99\common\fltol.c estimated size: 264

C:\Program Files\Microchip\xc8\v2.41\pic\sources\c99\common\xxtofl.c
		___xxtofl      		CODE           	1C2E	0000	436

C:\Program Files\Microchip\xc8\v2.41\pic\sources\c99\common\xxtofl.c estimated size: 436

ECU_layer/led/led.c
		_led_off       		CODE           	23C6	0000	122
		_led_on        		CODE           	234C	0000	122
		_led_toggle    		CODE           	2440	0000	118

ECU_layer/led/led.c estimated size: 362

MCAL_layer/timer3/timer3.c
		_timer3_isr    		CODE           	26E8	0000	12

MCAL_layer/timer3/timer3.c estimated size: 12

MCAL_layer/interrupt/external_interrupt.c
		_RB4_ISR       		CODE           	272E	0000	4
		_RB4_ISR2      		CODE           	272A	0000	4
		_RB5_ISR       		CODE           	2726	0000	4
		_RB5_ISR2      		CODE           	2722	0000	4
		_RB6_ISR       		CODE           	271E	0000	4
		_RB6_ISR2      		CODE           	271A	0000	4
		_RB7_ISR       		CODE           	2716	0000	4
		_RB7_ISR2      		CODE           	2712	0000	4
		_INT0_ISR      		CODE           	2732	0000	4
		_INT1_ISR      		CODE           	2706	0000	4
		_INT2_ISR      		CODE           	2702	0000	4

MCAL_layer/interrupt/external_interrupt.c estimated size: 44

MCAL_layer/timer2/timer2.c
		_timer2_isr    		CODE           	26F4	0000	8

MCAL_layer/timer2/timer2.c estimated size: 8

C:\Program Files\Microchip\xc8\v2.41\pic\sources\c99\common\sprcadd.c
		___fladd       		CODE           	1006	0000	1218

C:\Program Files\Microchip\xc8\v2.41\pic\sources\c99\common\sprcadd.c estimated size: 1218

MCAL_layer/timer1/timer1.c
		_timer1_isr    		CODE           	25A8	0000	54

MCAL_layer/timer1/timer1.c estimated size: 54

MCAL_layer/timer0/timer0.c
		_timer0_isr    		CODE           	25DE	0000	54

MCAL_layer/timer0/timer0.c estimated size: 54

shared
		__initialization		CODE           	22CA	0000	120

shared estimated size: 120

MCAL_layer/adc/adc.c
		_adc_isr       		CODE           	270E	0000	4

MCAL_layer/adc/adc.c estimated size: 4

MCAL_layer/EUSART/eusart.c
		_tx_isr        		CODE           	270A	0000	4
		_eusart_tx_write_byte_blocking_without_enable		CODE           	26D2	0000	22
		_rx_isr        		CODE           	2670	0000	44

MCAL_layer/EUSART/eusart.c estimated size: 70

MCAL_layer/interrupt/interrupt_manager.c
		_interrupt_low 		CODE           	0018	0000	78
		_interrupt_high		CODE           	0008	0000	978

MCAL_layer/interrupt/interrupt_manager.c estimated size: 1056

main.c
		_main          		CODE           	26B8	0000	26
		_MT_TIME       		CODE           	269C	0000	28
		_MT_TIME__     		CODE           	24B6	0000	110

main.c estimated size: 164

MCAL_layer/GPIO/hel_gpio.c
		_gio_pin_write_logic		CODE           	1F82	0000	350
		_gio_pin_toggle_logic		CODE           	21E8	0000	226

MCAL_layer/GPIO/hel_gpio.c estimated size: 576

C:\Program Files\Microchip\xc8\v2.41\pic\sources\c99\common\sprcdiv.c
		___fldiv       		CODE           	1894	0000	922

C:\Program Files\Microchip\xc8\v2.41\pic\sources\c99\common\sprcdiv.c estimated size: 922

